To honour the JVM settings for this build a single-use Daemon process will be forked. For more on this, please refer to https://docs.gradle.org/8.9/userguide/gradle_daemon.html#sec:disabling_the_daemon in the Gradle documentation.
Daemon will be stopped at the end of the build 
> Task :app:preBuild UP-TO-DATE
> Task :app:preReleaseBuild UP-TO-DATE
> Task :app:configureCMakeRelWithDebInfo[arm64-v8a]

> Task :app:buildCMakeRelWithDebInfo[arm64-v8a]
C/C++: ninja: Entering directory `/home/runner/work/Personal-tool/Personal-tool/app/.cxx/RelWithDebInfo/5e646a2j/arm64-v8a'
C/C++: In file included from /home/runner/work/Personal-tool/Personal-tool/app/.cxx/RelWithDebInfo/5e646a2j/arm64-v8a/_deps/whisper-src/ggml/src/ggml-backend-reg.cpp:7:
C/C++: In file included from /usr/local/lib/android/sdk/ndk/27.2.12479018/toolchains/llvm/prebuilt/linux-x86_64/sysroot/usr/include/c++/v1/filesystem:539:
C/C++: In file included from /usr/local/lib/android/sdk/ndk/27.2.12479018/toolchains/llvm/prebuilt/linux-x86_64/sysroot/usr/include/c++/v1/__filesystem/directory_entry.h:20:
C/C++: In file included from /usr/local/lib/android/sdk/ndk/27.2.12479018/toolchains/llvm/prebuilt/linux-x86_64/sysroot/usr/include/c++/v1/__filesystem/filesystem_error.h:15:
C/C++: In file included from /usr/local/lib/android/sdk/ndk/27.2.12479018/toolchains/llvm/prebuilt/linux-x86_64/sysroot/usr/include/c++/v1/__filesystem/path.h:31:
C/C++: In file included from /usr/local/lib/android/sdk/ndk/27.2.12479018/toolchains/llvm/prebuilt/linux-x86_64/sysroot/usr/include/c++/v1/iomanip:47:
C/C++: In file included from /usr/local/lib/android/sdk/ndk/27.2.12479018/toolchains/llvm/prebuilt/linux-x86_64/sysroot/usr/include/c++/v1/istream:170:
C/C++: In file included from /usr/local/lib/android/sdk/ndk/27.2.12479018/toolchains/llvm/prebuilt/linux-x86_64/sysroot/usr/include/c++/v1/ostream:179:
C/C++: In file included from /usr/local/lib/android/sdk/ndk/27.2.12479018/toolchains/llvm/prebuilt/linux-x86_64/sysroot/usr/include/c++/v1/__format/format_functions.h:21:
C/C++: In file included from /usr/local/lib/android/sdk/ndk/27.2.12479018/toolchains/llvm/prebuilt/linux-x86_64/sysroot/usr/include/c++/v1/__format/format_context.h:30:
C/C++: /usr/local/lib/android/sdk/ndk/27.2.12479018/toolchains/llvm/prebuilt/linux-x86_64/sysroot/usr/include/c++/v1/locale:3257:1: warning: 'wstring_convert<std::codecvt_utf8_utf16<wchar_t>>' is deprecated [-Wdeprecated-declarations]
C/C++:  3257 | wstring_convert<_Codecvt, _Elem, _WideAlloc, _ByteAlloc>::to_bytes(const _Elem* __frm, const _Elem* __frm_end) {
C/C++:       | ^
C/C++: /usr/local/lib/android/sdk/ndk/27.2.12479018/toolchains/llvm/prebuilt/linux-x86_64/sysroot/usr/include/c++/v1/locale:3161:12: note: in instantiation of member function 'std::wstring_convert<std::codecvt_utf8_utf16<wchar_t>>::to_bytes' requested here
C/C++:  3161 |     return to_bytes(__wstr.data(), __wstr.data() + __wstr.size());
C/C++:       |            ^
C/C++: /home/runner/work/Personal-tool/Personal-tool/app/.cxx/RelWithDebInfo/5e646a2j/arm64-v8a/_deps/whisper-src/ggml/src/ggml-backend-reg.cpp:82:22: note: in instantiation of member function 'std::wstring_convert<std::codecvt_utf8_utf16<wchar_t>>::to_bytes' requested here
C/C++:    82 |     return converter.to_bytes(str);
C/C++:       |                      ^
C/C++: /usr/local/lib/android/sdk/ndk/27.2.12479018/toolchains/llvm/prebuilt/linux-x86_64/sysroot/usr/include/c++/v1/locale:3114:28: note: 'wstring_convert<std::codecvt_utf8_utf16<wchar_t>>' has been explicitly marked deprecated here
C/C++:  3114 | class _LIBCPP_TEMPLATE_VIS _LIBCPP_DEPRECATED_IN_CXX17 wstring_convert {
C/C++:       |                            ^
C/C++: /usr/local/lib/android/sdk/ndk/27.2.12479018/toolchains/llvm/prebuilt/linux-x86_64/sysroot/usr/include/c++/v1/__config:942:41: note: expanded from macro '_LIBCPP_DEPRECATED_IN_CXX17'
C/C++:   942 | #    define _LIBCPP_DEPRECATED_IN_CXX17 _LIBCPP_DEPRECATED
C/C++:       |                                         ^
C/C++: /usr/local/lib/android/sdk/ndk/27.2.12479018/toolchains/llvm/prebuilt/linux-x86_64/sysroot/usr/include/c++/v1/__config:915:49: note: expanded from macro '_LIBCPP_DEPRECATED'
C/C++:   915 | #      define _LIBCPP_DEPRECATED __attribute__((__deprecated__))
C/C++:       |                                                 ^
C/C++: 1 warning generated.

> Task :app:configureCMakeRelWithDebInfo[armeabi-v7a]

> Task :app:buildCMakeRelWithDebInfo[armeabi-v7a]
C/C++: ninja: Entering directory `/home/runner/work/Personal-tool/Personal-tool/app/.cxx/RelWithDebInfo/5e646a2j/armeabi-v7a'
C/C++: In file included from /home/runner/work/Personal-tool/Personal-tool/app/.cxx/RelWithDebInfo/5e646a2j/armeabi-v7a/_deps/whisper-src/ggml/src/ggml-backend-reg.cpp:7:
C/C++: In file included from /usr/local/lib/android/sdk/ndk/27.2.12479018/toolchains/llvm/prebuilt/linux-x86_64/sysroot/usr/include/c++/v1/filesystem:539:
C/C++: In file included from /usr/local/lib/android/sdk/ndk/27.2.12479018/toolchains/llvm/prebuilt/linux-x86_64/sysroot/usr/include/c++/v1/__filesystem/directory_entry.h:20:
C/C++: In file included from /usr/local/lib/android/sdk/ndk/27.2.12479018/toolchains/llvm/prebuilt/linux-x86_64/sysroot/usr/include/c++/v1/__filesystem/filesystem_error.h:15:
C/C++: In file included from /usr/local/lib/android/sdk/ndk/27.2.12479018/toolchains/llvm/prebuilt/linux-x86_64/sysroot/usr/include/c++/v1/__filesystem/path.h:31:
C/C++: In file included from /usr/local/lib/android/sdk/ndk/27.2.12479018/toolchains/llvm/prebuilt/linux-x86_64/sysroot/usr/include/c++/v1/iomanip:47:
C/C++: In file included from /usr/local/lib/android/sdk/ndk/27.2.12479018/toolchains/llvm/prebuilt/linux-x86_64/sysroot/usr/include/c++/v1/istream:170:
C/C++: In file included from /usr/local/lib/android/sdk/ndk/27.2.12479018/toolchains/llvm/prebuilt/linux-x86_64/sysroot/usr/include/c++/v1/ostream:179:
C/C++: In file included from /usr/local/lib/android/sdk/ndk/27.2.12479018/toolchains/llvm/prebuilt/linux-x86_64/sysroot/usr/include/c++/v1/__format/format_functions.h:21:
C/C++: In file included from /usr/local/lib/android/sdk/ndk/27.2.12479018/toolchains/llvm/prebuilt/linux-x86_64/sysroot/usr/include/c++/v1/__format/format_context.h:30:
C/C++: /usr/local/lib/android/sdk/ndk/27.2.12479018/toolchains/llvm/prebuilt/linux-x86_64/sysroot/usr/include/c++/v1/locale:3257:1: warning: 'wstring_convert<std::codecvt_utf8_utf16<wchar_t>>' is deprecated [-Wdeprecated-declarations]
C/C++:  3257 | wstring_convert<_Codecvt, _Elem, _WideAlloc, _ByteAlloc>::to_bytes(const _Elem* __frm, const _Elem* __frm_end) {
C/C++:       | ^
C/C++: /usr/local/lib/android/sdk/ndk/27.2.12479018/toolchains/llvm/prebuilt/linux-x86_64/sysroot/usr/include/c++/v1/locale:3161:12: note: in instantiation of member function 'std::wstring_convert<std::codecvt_utf8_utf16<wchar_t>>::to_bytes' requested here
C/C++:  3161 |     return to_bytes(__wstr.data(), __wstr.data() + __wstr.size());
C/C++:       |            ^
C/C++: /home/runner/work/Personal-tool/Personal-tool/app/.cxx/RelWithDebInfo/5e646a2j/armeabi-v7a/_deps/whisper-src/ggml/src/ggml-backend-reg.cpp:82:22: note: in instantiation of member function 'std::wstring_convert<std::codecvt_utf8_utf16<wchar_t>>::to_bytes' requested here
C/C++:    82 |     return converter.to_bytes(str);
C/C++:       |                      ^
C/C++: /usr/local/lib/android/sdk/ndk/27.2.12479018/toolchains/llvm/prebuilt/linux-x86_64/sysroot/usr/include/c++/v1/locale:3114:28: note: 'wstring_convert<std::codecvt_utf8_utf16<wchar_t>>' has been explicitly marked deprecated here
C/C++:  3114 | class _LIBCPP_TEMPLATE_VIS _LIBCPP_DEPRECATED_IN_CXX17 wstring_convert {
C/C++:       |                            ^
C/C++: /usr/local/lib/android/sdk/ndk/27.2.12479018/toolchains/llvm/prebuilt/linux-x86_64/sysroot/usr/include/c++/v1/__config:942:41: note: expanded from macro '_LIBCPP_DEPRECATED_IN_CXX17'
C/C++:   942 | #    define _LIBCPP_DEPRECATED_IN_CXX17 _LIBCPP_DEPRECATED
C/C++:       |                                         ^
C/C++: /usr/local/lib/android/sdk/ndk/27.2.12479018/toolchains/llvm/prebuilt/linux-x86_64/sysroot/usr/include/c++/v1/__config:915:49: note: expanded from macro '_LIBCPP_DEPRECATED'
C/C++:   915 | #      define _LIBCPP_DEPRECATED __attribute__((__deprecated__))
C/C++:       |                                                 ^
C/C++: 1 warning generated.
C/C++: /home/runner/work/Personal-tool/Personal-tool/app/.cxx/RelWithDebInfo/5e646a2j/armeabi-v7a/_deps/whisper-src/src/whisper.cpp:3313:80: warning: format specifies type 'long' but the argument has type 'size_t' (aka 'unsigned int') [-Wformat]
C/C++:  3313 |         WHISPER_LOG_INFO("%s: alignment heads masks size = %ld B\n", __func__, memory_size);
C/C++:       |                                                            ~~~                 ^~~~~~~~~~~
C/C++:       |                                                            %zu
C/C++: /home/runner/work/Personal-tool/Personal-tool/app/.cxx/RelWithDebInfo/5e646a2j/armeabi-v7a/_deps/whisper-src/src/whisper.cpp:122:75: note: expanded from macro 'WHISPER_LOG_INFO'
C/C++:   122 | #define WHISPER_LOG_INFO(...)  whisper_log_internal(GGML_LOG_LEVEL_INFO , __VA_ARGS__)
C/C++:       |                                                                           ^~~~~~~~~~~
C/C++: 1 warning generated.

> Task :app:mergeReleaseJniLibFolders
> Task :app:buildKotlinToolingMetadata
> Task :app:mergeReleaseNativeLibs
> Task :app:checkKotlinGradlePluginConfigurationErrors SKIPPED
> Task :app:checkReleaseDuplicateClasses
> Task :app:generateReleaseResValues
> Task :app:stripReleaseDebugSymbols
> Task :app:checkReleaseAarMetadata
> Task :app:mapReleaseSourceSetPaths
> Task :app:generateReleaseResources
> Task :app:extractReleaseNativeSymbolTables
> Task :app:packageReleaseResources
> Task :app:mergeReleaseResources
> Task :app:mergeReleaseNativeDebugMetadata
> Task :app:createReleaseCompatibleScreenManifests
> Task :app:extractDeepLinksRelease
> Task :app:parseReleaseLocalResources
> Task :app:processReleaseMainManifest
> Task :app:processReleaseManifest
> Task :app:javaPreCompileRelease
> Task :app:extractProguardFiles
> Task :app:mergeReleaseArtProfile
> Task :app:mergeReleaseStartupProfile
> Task :app:mergeReleaseShaders
> Task :app:compileReleaseShaders NO-SOURCE
> Task :app:generateReleaseAssets UP-TO-DATE
> Task :app:mergeReleaseAssets
> Task :app:extractReleaseVersionControlInfo
> Task :app:compressReleaseAssets
> Task :app:collectReleaseDependencies
> Task :app:sdkReleaseDependencyData
> Task :app:validateSigningRelease
> Task :app:writeReleaseAppMetadata
> Task :app:writeReleaseSigningConfigVersions
> Task :app:processReleaseManifestForPackage
> Task :app:processReleaseResources
> Task :app:convertLinkedResourcesToProtoRelease
> Task :app:compileReleaseKotlin
> Task :app:compileReleaseJavaWithJavac NO-SOURCE
> Task :app:mergeReleaseGeneratedProguardFiles
> Task :app:processReleaseJavaRes
> Task :app:expandReleaseArtProfileWildcards
> Task :app:mergeReleaseJavaResource
> Task :app:minifyReleaseWithR8
> Task :app:compileReleaseArtProfile
> Task :app:shrinkReleaseRes
> Task :app:convertShrunkResourcesToBinaryRelease
> Task :app:optimizeReleaseResources
> Task :app:packageRelease
> Task :app:createReleaseApkListingFileRedirect
> Task :app:assembleRelease
gradle/actions: Writing build results to /home/runner/work/_temp/.gradle-actions/build-results/build-1790456307947.json

BUILD SUCCESSFUL in 2m 27s
50 actionable tasks: 50 executed
